
============================================================
🔧 [DEBUG] 開始處理 voyage 676, gap#0
============================================================
Gap 類型: small_time_gap, 時長: 1.00 小時
📍 起點: (120.482490, 24.230904)
📍 終點: (120.492900, 24.243525)
📏 直線距離: 1.76 km

🔍 開始路徑搜尋 (方法: small_time_gap)...
   [small_gap_path] 開始網格建圖...
  🌊 海洋網格點數: 3325
   A* 找到路徑: 2 個節點
[DEBUG] A* path nodes: 2
   DP 簡化: 2 → 2 個點 (eps=0.9km)
✅ 路徑搜尋完成: 成功
📈 原始路徑點數: 2
   前3點: [(120.4824900000002, 24.230904000000063), (120.4924900000002, 24.240904000000064)]
   後3點: [(120.4824900000002, 24.230904000000063), (120.4924900000002, 24.240904000000064)]
🔧 確保端點後: 2 個點

✨ 實際插入: 0 個點
============================================================

[ok] voyage 676 gap#0 (small_time_gap) -> 0 pts

============================================================
🔧 [DEBUG] 開始處理 voyage 676, gap#1
============================================================
Gap 類型: small_time_gap, 時長: 1.00 小時
📍 起點: (120.492900, 24.243525)
📍 終點: (120.438150, 24.375999)
📏 直線距離: 15.74 km

🔍 開始路徑搜尋 (方法: small_time_gap)...
   [small_gap_path] 開始網格建圖...
  🌊 海洋網格點數: 4731
   A* 找到路徑: 8 個節點
[DEBUG] A* path nodes: 8
  [DP] 輸入: 8 個點
  [DP] 路徑長度: 16.42 km (直線: 15.32 km)
  [DP] 曲折度: 1.07 (1.0=直線)
  [DP] 簡化閾值: 0.9 km = 0.008108°
  [DP] 輸出: 3 個點 (減少 62.5%)
   DP 簡化: 8 → 3 個點 (eps=0.9km)
✅ 路徑搜尋完成: 成功
📈 原始路徑點數: 3
   前3點: [(120.48815000000022, 24.243525000000066), (120.48815000000022, 24.323525000000078), (120.43815000000019, 24.373525000000086)]
   後3點: [(120.48815000000022, 24.243525000000066), (120.48815000000022, 24.323525000000078), (120.43815000000019, 24.373525000000086)]
🔧 確保端點後: 3 個點

✨ 實際插入: 1 個點
============================================================

[ok] voyage 676 gap#1 (small_time_gap) -> 1 pts

============================================================
🔧 [DEBUG] 開始處理 voyage 676, gap#2
============================================================
Gap 類型: small_time_gap, 時長: 1.00 小時
📍 起點: (120.438150, 24.375999)
📍 終點: (120.412220, 24.568441)
📏 直線距離: 21.56 km

🔍 開始路徑搜尋 (方法: small_time_gap)...
   [small_gap_path] 開始網格建圖...
  🌊 海洋網格點數: 6183
   A* 找到路徑: 11 個節點
[DEBUG] A* path nodes: 11
  [DP] 輸入: 11 個點
  [DP] 路徑長度: 22.30 km (直線: 21.34 km)
  [DP] 曲折度: 1.04 (1.0=直線)
  [DP] 簡化閾值: 0.9 km = 0.008108°
  [DP] 輸出: 3 個點 (減少 72.7%)
   DP 簡化: 11 → 3 個點 (eps=0.9km)
✅ 路徑搜尋完成: 成功
📈 原始路徑點數: 3
   前3點: [(120.44222000000022, 24.375999000000064), (120.44222000000022, 24.53599900000009), (120.4122200000002, 24.565999000000094)]
   後3點: [(120.44222000000022, 24.375999000000064), (120.44222000000022, 24.53599900000009), (120.4122200000002, 24.565999000000094)]
🔧 確保端點後: 3 個點

✨ 實際插入: 1 個點
============================================================

[ok] voyage 676 gap#2 (small_time_gap) -> 1 pts

============================================================
🔧 [DEBUG] 開始處理 voyage 676, gap#3
============================================================
Gap 類型: small_time_gap, 時長: 0.96 小時
📍 起點: (120.412220, 24.568441)
📍 終點: (120.388800, 24.746883)
📏 直線距離: 19.98 km

🔍 開始路徑搜尋 (方法: small_time_gap)...
   [small_gap_path] 開始網格建圖...
  🌊 海洋網格點數: 7026
   A* 找到路徑: 10 個節點
[DEBUG] A* path nodes: 10
  [DP] 輸入: 10 個點
  [DP] 路徑長度: 20.80 km (直線: 20.12 km)
  [DP] 曲折度: 1.03 (1.0=直線)
  [DP] 簡化閾值: 0.9 km = 0.008108°
  [DP] 輸出: 3 個點 (減少 70.0%)
   DP 簡化: 10 → 3 個點 (eps=0.9km)
✅ 路徑搜尋完成: 成功
📈 原始路徑點數: 3
   前3點: [(120.40880000000021, 24.568441000000064), (120.40880000000021, 24.72844100000009), (120.3888000000002, 24.748441000000092)]
   後3點: [(120.40880000000021, 24.568441000000064), (120.40880000000021, 24.72844100000009), (120.3888000000002, 24.748441000000092)]
🔧 確保端點後: 3 個點

✨ 實際插入: 1 個點
============================================================

[ok] voyage 676 gap#3 (small_time_gap) -> 1 pts

============================================================
🔧 [DEBUG] 開始處理 voyage 676, gap#4
============================================================
Gap 類型: small_time_gap, 時長: 0.91 小時
📍 起點: (120.388800, 24.746883)
📍 終點: (120.377200, 24.912720)
📏 直線距離: 18.48 km

🔍 開始路徑搜尋 (方法: small_time_gap)...
   [small_gap_path] 開始網格建圖...
  🌊 海洋網格點數: 7486
   A* 找到路徑: 11 個節點
[DEBUG] A* path nodes: 11
  [DP] 輸入: 11 個點
  [DP] 路徑長度: 19.29 km (直線: 18.93 km)
  [DP] 曲折度: 1.02 (1.0=直線)
  [DP] 簡化閾值: 0.9 km = 0.008108°
  [DP] 輸出: 3 個點 (減少 72.7%)
   DP 簡化: 11 → 3 個點 (eps=0.9km)
✅ 路徑搜尋完成: 成功
📈 原始路徑點數: 3
   前3點: [(120.3872000000002, 24.746883000000064), (120.3872000000002, 24.90688300000009), (120.3772000000002, 24.91688300000009)]
   後3點: [(120.3872000000002, 24.746883000000064), (120.3872000000002, 24.90688300000009), (120.3772000000002, 24.91688300000009)]
🔧 確保端點後: 3 個點

✨ 實際插入: 1 個點
============================================================

[ok] voyage 676 gap#4 (small_time_gap) -> 1 pts

============================================================
🔧 [DEBUG] 開始處理 voyage 676, gap#5
============================================================
Gap 類型: small_time_gap, 時長: 0.94 小時
📍 起點: (120.377200, 24.912720)
📍 終點: (120.420030, 25.084517)
📏 直線距離: 19.58 km

🔍 開始路徑搜尋 (方法: small_time_gap)...
   [small_gap_path] 開始網格建圖...
  🌊 海洋網格點數: 8142
   A* 找到路徑: 10 個節點
[DEBUG] A* path nodes: 10
  [DP] 輸入: 10 個點
  [DP] 路徑長度: 20.46 km (直線: 19.33 km)
  [DP] 曲折度: 1.06 (1.0=直線)
  [DP] 簡化閾值: 0.9 km = 0.008108°
  [DP] 輸出: 3 個點 (減少 70.0%)
   DP 簡化: 10 → 3 個點 (eps=0.9km)
✅ 路徑搜尋完成: 成功
📈 原始路徑點數: 3
   前3點: [(120.3772000000002, 24.912720000000064), (120.3772000000002, 25.042720000000084), (120.41720000000022, 25.08272000000009)]
   後3點: [(120.3772000000002, 24.912720000000064), (120.3772000000002, 25.042720000000084), (120.41720000000022, 25.08272000000009)]
🔧 確保端點後: 3 個點

✨ 實際插入: 1 個點
============================================================

[ok] voyage 676 gap#5 (small_time_gap) -> 1 pts

============================================================
🔧 [DEBUG] 開始處理 voyage 676, gap#6
============================================================
Gap 類型: small_time_gap, 時長: 1.09 小時
📍 起點: (120.420030, 25.084517)
📍 終點: (120.580020, 25.237993)
📏 直線距離: 23.46 km

🔍 開始路徑搜尋 (方法: small_time_gap)...
   [small_gap_path] 開始網格建圖...
  🌊 海洋網格點數: 9013
   A* 找到路徑: 10 個節點
[DEBUG] A* path nodes: 10
  [DP] 輸入: 10 個點
  [DP] 路徑長度: 23.50 km (直線: 23.18 km)
  [DP] 曲折度: 1.01 (1.0=直線)
  [DP] 簡化閾值: 0.9 km = 0.008108°
  [DP] 輸出: 2 個點 (減少 80.0%)
   DP 簡化: 10 → 2 個點 (eps=0.9km)
✅ 路徑搜尋完成: 成功
📈 原始路徑點數: 2
   前3點: [(120.4200300000002, 25.084517000000066), (120.58003000000028, 25.23451700000009)]
   後3點: [(120.4200300000002, 25.084517000000066), (120.58003000000028, 25.23451700000009)]
🔧 確保端點後: 2 個點

✨ 實際插入: 0 個點
============================================================

[ok] voyage 676 gap#6 (small_time_gap) -> 0 pts

============================================================
🔧 [DEBUG] 開始處理 voyage 676, gap#7
============================================================
Gap 類型: small_time_gap, 時長: 0.90 小時
📍 起點: (120.580020, 25.237993)
📍 終點: (120.714740, 25.372458)
📏 直線距離: 20.17 km

🔍 開始路徑搜尋 (方法: small_time_gap)...
   [small_gap_path] 開始網格建圖...
  🌊 海洋網格點數: 8515
   A* 找到路徑: 8 個節點
[DEBUG] A* path nodes: 8
  [DP] 輸入: 8 個點
  [DP] 路徑長度: 19.49 km (直線: 19.49 km)
  [DP] 曲折度: 1.00 (1.0=直線)
  [DP] 簡化閾值: 0.9 km = 0.008108°
  [DP] 輸出: 2 個點 (減少 75.0%)
   DP 簡化: 8 → 2 個點 (eps=0.9km)
✅ 路徑搜尋完成: 成功
📈 原始路徑點數: 2
   前3點: [(120.5800200000002, 25.237993000000063), (120.71002000000027, 25.367993000000084)]
   後3點: [(120.5800200000002, 25.237993000000063), (120.71002000000027, 25.367993000000084)]
🔧 確保端點後: 2 個點

✨ 實際插入: 0 個點
============================================================

[ok] voyage 676 gap#7 (small_time_gap) -> 0 pts

============================================================
🔧 [DEBUG] 開始處理 voyage 676, gap#8
============================================================
Gap 類型: small_time_gap, 時長: 1.18 小時
📍 起點: (120.714740, 25.372458)
📍 終點: (120.892320, 25.538977)
📏 直線距離: 25.70 km

🔍 開始路徑搜尋 (方法: small_time_gap)...
   [small_gap_path] 開始網格建圖...
  🌊 海洋網格點數: 9184
   A* 找到路徑: 11 個節點
[DEBUG] A* path nodes: 11
  [DP] 輸入: 11 個點
  [DP] 路徑長度: 26.47 km (直線: 26.15 km)
  [DP] 曲折度: 1.01 (1.0=直線)
  [DP] 簡化閾值: 0.9 km = 0.008108°
  [DP] 輸出: 2 個點 (減少 81.8%)
   DP 簡化: 11 → 2 個點 (eps=0.9km)
✅ 路徑搜尋完成: 成功
📈 原始路徑點數: 2
   前3點: [(120.7147400000002, 25.372458000000066), (120.8947400000003, 25.542458000000092)]
   後3點: [(120.7147400000002, 25.372458000000066), (120.8947400000003, 25.542458000000092)]
🔧 確保端點後: 2 個點

✨ 實際插入: 0 個點
============================================================

[ok] voyage 676 gap#8 (small_time_gap) -> 0 pts

============================================================
🔧 [DEBUG] 開始處理 voyage 676, gap#9
============================================================
Gap 類型: small_time_gap, 時長: 1.02 小時
📍 起點: (120.892320, 25.538977)
📍 終點: (121.042960, 25.691633)
📏 直線距離: 22.72 km

🔍 開始路徑搜尋 (方法: small_time_gap)...
   [small_gap_path] 開始網格建圖...
  🌊 海洋網格點數: 9174
   A* 找到路徑: 9 個節點
[DEBUG] A* path nodes: 9
  [DP] 輸入: 9 個點
  [DP] 路徑長度: 22.46 km (直線: 22.46 km)
  [DP] 曲折度: 1.00 (1.0=直線)
  [DP] 簡化閾值: 0.9 km = 0.008108°
  [DP] 輸出: 2 個點 (減少 77.8%)
   DP 簡化: 9 → 2 個點 (eps=0.9km)
✅ 路徑搜尋完成: 成功
📈 原始路徑點數: 2
   前3點: [(120.8923200000002, 25.538977000000063), (121.04232000000027, 25.688977000000087)]
   後3點: [(120.8923200000002, 25.538977000000063), (121.04232000000027, 25.688977000000087)]
🔧 確保端點後: 2 個點

✨ 實際插入: 0 個點
============================================================

[ok] voyage 676 gap#9 (small_time_gap) -> 0 pts

============================================================
🔧 [DEBUG] 開始處理 voyage 676, gap#10
============================================================
Gap 類型: small_time_gap, 時長: 1.00 小時
📍 起點: (121.042960, 25.691633)
📍 終點: (121.177700, 25.842688)
📏 直線距離: 21.54 km

🔍 開始路徑搜尋 (方法: small_time_gap)...
   [small_gap_path] 開始網格建圖...
  🌊 海洋網格點數: 9024
   A* 找到路徑: 10 個節點
[DEBUG] A* path nodes: 10
  [DP] 輸入: 10 個點
  [DP] 路徑長度: 21.68 km (直線: 21.16 km)
  [DP] 曲折度: 1.02 (1.0=直線)
  [DP] 簡化閾值: 0.9 km = 0.008108°
  [DP] 輸出: 3 個點 (減少 70.0%)
   DP 簡化: 10 → 3 個點 (eps=0.9km)
✅ 路徑搜尋完成: 成功
📈 原始路徑點數: 3
   前3點: [(121.04296000000019, 25.691633000000063), (121.04296000000019, 25.711633000000067), (121.17296000000026, 25.841633000000087)]
   後3點: [(121.04296000000019, 25.691633000000063), (121.04296000000019, 25.711633000000067), (121.17296000000026, 25.841633000000087)]
🔧 確保端點後: 3 個點

✨ 實際插入: 1 個點
============================================================

[ok] voyage 676 gap#10 (small_time_gap) -> 1 pts

============================================================
🔧 [DEBUG] 開始處理 voyage 676, gap#11
============================================================
Gap 類型: small_time_gap, 時長: 0.99 小時
📍 起點: (121.177700, 25.842688)
📍 終點: (121.295720, 26.003391)
📏 直線距離: 21.42 km

🔍 開始路徑搜尋 (方法: small_time_gap)...
   [small_gap_path] 開始網格建圖...
  🌊 海洋網格點數: 8924
   A* 找到路徑: 9 個節點
[DEBUG] A* path nodes: 9
  [DP] 輸入: 9 個點
  [DP] 路徑長度: 22.39 km (直線: 21.46 km)
  [DP] 曲折度: 1.04 (1.0=直線)
  [DP] 簡化閾值: 0.9 km = 0.008108°
  [DP] 輸出: 3 個點 (減少 66.7%)
   DP 簡化: 9 → 3 個點 (eps=0.9km)
✅ 路徑搜尋完成: 成功
📈 原始路徑點數: 3
   前3點: [(121.1777000000002, 25.842688000000063), (121.1777000000002, 25.88268800000007), (121.29770000000026, 26.002688000000088)]
   後3點: [(121.1777000000002, 25.842688000000063), (121.1777000000002, 25.88268800000007), (121.29770000000026, 26.002688000000088)]
🔧 確保端點後: 3 個點

✨ 實際插入: 1 個點
============================================================

[ok] voyage 676 gap#11 (small_time_gap) -> 1 pts

============================================================
🔧 [DEBUG] 開始處理 voyage 676, gap#12
============================================================
Gap 類型: small_time_gap, 時長: 0.99 小時
📍 起點: (121.295720, 26.003391)
📍 終點: (121.459340, 26.122276)
📏 直線距離: 21.02 km

🔍 開始路徑搜尋 (方法: small_time_gap)...
   [small_gap_path] 開始網格建圖...
  🌊 海洋網格點數: 8924
   A* 找到路徑: 9 個節點
[DEBUG] A* path nodes: 9
  [DP] 輸入: 9 個點
  [DP] 路徑長度: 21.93 km (直線: 20.82 km)
  [DP] 曲折度: 1.05 (1.0=直線)
  [DP] 簡化閾值: 0.9 km = 0.008108°
  [DP] 輸出: 3 個點 (減少 66.7%)
   DP 簡化: 9 → 3 個點 (eps=0.9km)
✅ 路徑搜尋完成: 成功
📈 原始路徑點數: 3
   前3點: [(121.2957200000002, 26.003391000000065), (121.41572000000026, 26.123391000000083), (121.45572000000028, 26.123391000000083)]
   後3點: [(121.2957200000002, 26.003391000000065), (121.41572000000026, 26.123391000000083), (121.45572000000028, 26.123391000000083)]
🔧 確保端點後: 3 個點

✨ 實際插入: 1 個點
============================================================

[ok] voyage 676 gap#12 (small_time_gap) -> 1 pts

============================================================
🔧 [DEBUG] 開始處理 voyage 676, gap#13
============================================================
Gap 類型: small_time_gap, 時長: 0.54 小時
📍 起點: (121.459340, 26.122276)
📍 終點: (121.517560, 26.216990)
📏 直線距離: 12.03 km

🔍 開始路徑搜尋 (方法: small_time_gap)...
   [small_gap_path] 開始網格建圖...
  🌊 海洋網格點數: 7740
   A* 找到路徑: 6 個節點
[DEBUG] A* path nodes: 6
  [DP] 輸入: 6 個點
  [DP] 路徑長度: 12.30 km (直線: 11.66 km)
  [DP] 曲折度: 1.05 (1.0=直線)
  [DP] 簡化閾值: 0.9 km = 0.008108°
  [DP] 輸出: 3 個點 (減少 50.0%)
   DP 簡化: 6 → 3 個點 (eps=0.9km)
✅ 路徑搜尋完成: 成功
📈 原始路徑點數: 3
   前3點: [(121.4593400000002, 26.122276000000063), (121.4593400000002, 26.152276000000068), (121.51934000000023, 26.212276000000077)]
   後3點: [(121.4593400000002, 26.122276000000063), (121.4593400000002, 26.152276000000068), (121.51934000000023, 26.212276000000077)]
🔧 確保端點後: 3 個點

✨ 實際插入: 1 個點
============================================================

[ok] voyage 676 gap#13 (small_time_gap) -> 1 pts

============================================================
🔧 [DEBUG] 開始處理 voyage 676, gap#14
============================================================
Gap 類型: small_time_gap, 時長: 1.37 小時
📍 起點: (121.517560, 26.216990)
📍 終點: (121.660420, 26.459255)
📏 直線距離: 30.47 km

🔍 開始路徑搜尋 (方法: small_time_gap)...
   [small_gap_path] 開始網格建圖...
  🌊 海洋網格點數: 9975
   A* 找到路徑: 13 個節點
[DEBUG] A* path nodes: 13
  [DP] 輸入: 13 個點
  [DP] 路徑長度: 32.02 km (直線: 30.11 km)
  [DP] 曲折度: 1.06 (1.0=直線)
  [DP] 簡化閾值: 0.9 km = 0.008108°
  [DP] 輸出: 3 個點 (減少 76.9%)
   DP 簡化: 13 → 3 個點 (eps=0.9km)
✅ 路徑搜尋完成: 成功
📈 原始路徑點數: 3
   前3點: [(121.5175600000002, 26.216990000000063), (121.5175600000002, 26.31699000000008), (121.65756000000027, 26.4569900000001)]
   後3點: [(121.5175600000002, 26.216990000000063), (121.5175600000002, 26.31699000000008), (121.65756000000027, 26.4569900000001)]
🔧 確保端點後: 3 個點

✨ 實際插入: 1 個點
============================================================

[ok] voyage 676 gap#14 (small_time_gap) -> 1 pts

============================================================
🔧 [DEBUG] 開始處理 voyage 676, gap#15
============================================================
Gap 類型: small_time_gap, 時長: 1.07 小時
📍 起點: (121.660420, 26.459255)
📍 終點: (121.849760, 26.561646)
📏 直線距離: 22.01 km

🔍 開始路徑搜尋 (方法: small_time_gap)...
   [small_gap_path] 開始網格建圖...
  🌊 海洋網格點數: 9009
   A* 找到路徑: 11 個節點
[DEBUG] A* path nodes: 11
  [DP] 輸入: 11 個點
  [DP] 路徑長度: 23.87 km (直線: 21.93 km)
  [DP] 曲折度: 1.09 (1.0=直線)
  [DP] 簡化閾值: 0.9 km = 0.008108°
  [DP] 輸出: 3 個點 (減少 72.7%)
   DP 簡化: 11 → 3 個點 (eps=0.9km)
✅ 路徑搜尋完成: 成功
📈 原始路徑點數: 3
   前3點: [(121.6604200000002, 26.459255000000063), (121.76042000000025, 26.55925500000008), (121.8504200000003, 26.55925500000008)]
   後3點: [(121.6604200000002, 26.459255000000063), (121.76042000000025, 26.55925500000008), (121.8504200000003, 26.55925500000008)]
🔧 確保端點後: 3 個點

✨ 實際插入: 1 個點
============================================================

[ok] voyage 676 gap#15 (small_time_gap) -> 1 pts

============================================================
🔧 [DEBUG] 開始處理 voyage 676, gap#16
============================================================
Gap 類型: small_time_gap, 時長: 0.65 小時
📍 起點: (121.849760, 26.561646)
📍 終點: (121.921830, 26.669525)
📏 直線距離: 13.97 km

🔍 開始路徑搜尋 (方法: small_time_gap)...
   [small_gap_path] 開始網格建圖...
  🌊 海洋網格點數: 8008
   A* 找到路徑: 7 個節點
[DEBUG] A* path nodes: 7
  [DP] 輸入: 7 個點
  [DP] 路徑長度: 14.89 km (直線: 14.07 km)
  [DP] 曲折度: 1.06 (1.0=直線)
  [DP] 簡化閾值: 0.9 km = 0.008108°
  [DP] 輸出: 3 個點 (減少 57.1%)
   DP 簡化: 7 → 3 個點 (eps=0.9km)
✅ 路徑搜尋完成: 成功
📈 原始路徑點數: 3
   前3點: [(121.8497600000002, 26.561646000000064), (121.8497600000002, 26.60164600000007), (121.91976000000024, 26.67164600000008)]
   後3點: [(121.8497600000002, 26.561646000000064), (121.8497600000002, 26.60164600000007), (121.91976000000024, 26.67164600000008)]
🔧 確保端點後: 3 個點

✨ 實際插入: 1 個點
============================================================

[ok] voyage 676 gap#16 (small_time_gap) -> 1 pts

============================================================
🔧 [DEBUG] 開始處理 voyage 676, gap#17
============================================================
Gap 類型: small_time_gap, 時長: 1.37 小時
📍 起點: (121.921830, 26.669525)
📍 終點: (122.077010, 26.906952)
📏 直線距離: 30.57 km

🔍 開始路徑搜尋 (方法: small_time_gap)...
   [small_gap_path] 開始網格建圖...
  🌊 海洋網格點數: 9984
   A* 找到路徑: 14 個節點
[DEBUG] A* path nodes: 14
  [DP] 輸入: 14 個點
  [DP] 路徑長度: 32.74 km (直線: 31.05 km)
  [DP] 曲折度: 1.05 (1.0=直線)
  [DP] 簡化閾值: 0.9 km = 0.008108°
  [DP] 輸出: 3 個點 (減少 78.6%)
   DP 簡化: 14 → 3 個點 (eps=0.9km)
✅ 路徑搜尋完成: 成功
📈 原始路徑點數: 3
   前3點: [(121.9218300000002, 26.669525000000064), (121.9218300000002, 26.749525000000077), (122.08183000000028, 26.9095250000001)]
   後3點: [(121.9218300000002, 26.669525000000064), (121.9218300000002, 26.749525000000077), (122.08183000000028, 26.9095250000001)]
🔧 確保端點後: 3 個點

✨ 實際插入: 1 個點
============================================================

[ok] voyage 676 gap#17 (small_time_gap) -> 1 pts

============================================================
🔧 [DEBUG] 開始處理 voyage 676, gap#18
============================================================
Gap 類型: small_time_gap, 時長: 0.68 小時
📍 起點: (122.077010, 26.906952)
📍 終點: (122.149190, 27.024796)
📏 直線距離: 14.93 km

🔍 開始路徑搜尋 (方法: small_time_gap)...
   [small_gap_path] 開始網格建圖...
  🌊 海洋網格點數: 8096
   A* 找到路徑: 8 個節點
[DEBUG] A* path nodes: 8
  [DP] 輸入: 8 個點
  [DP] 路徑長度: 15.99 km (直線: 15.04 km)
  [DP] 曲折度: 1.06 (1.0=直線)
  [DP] 簡化閾值: 0.9 km = 0.008108°
  [DP] 輸出: 3 個點 (減少 62.5%)
   DP 簡化: 8 → 3 個點 (eps=0.9km)
✅ 路徑搜尋完成: 成功
📈 原始路徑點數: 3
   前3點: [(122.0770100000002, 26.906952000000064), (122.0770100000002, 26.956952000000072), (122.14701000000024, 27.026952000000083)]
   後3點: [(122.0770100000002, 26.906952000000064), (122.0770100000002, 26.956952000000072), (122.14701000000024, 27.026952000000083)]
🔧 確保端點後: 3 個點

✨ 實際插入: 1 個點
============================================================

[ok] voyage 676 gap#18 (small_time_gap) -> 1 pts

============================================================
🔧 [DEBUG] 開始處理 voyage 676, gap#19
============================================================
Gap 類型: small_time_gap, 時長: 1.31 小時
📍 起點: (122.149190, 27.024796)
📍 終點: (122.314900, 27.244556)
📏 直線距離: 29.43 km

🔍 開始路徑搜尋 (方法: small_time_gap)...
   [small_gap_path] 開始網格建圖...
  🌊 海洋網格點數: 9894
   A* 找到路徑: 14 個節點
[DEBUG] A* path nodes: 14
  [DP] 輸入: 14 個點
  [DP] 路徑長度: 30.86 km (直線: 29.69 km)
  [DP] 曲折度: 1.04 (1.0=直線)
  [DP] 簡化閾值: 0.9 km = 0.008108°
  [DP] 輸出: 3 個點 (減少 78.6%)
   DP 簡化: 14 → 3 個點 (eps=0.9km)
✅ 路徑搜尋完成: 成功
📈 原始路徑點數: 3
   前3點: [(122.1491900000002, 27.024796000000062), (122.1491900000002, 27.07479600000007), (122.31919000000029, 27.244796000000097)]
   後3點: [(122.1491900000002, 27.024796000000062), (122.1491900000002, 27.07479600000007), (122.31919000000029, 27.244796000000097)]
🔧 確保端點後: 3 個點

✨ 實際插入: 1 個點
============================================================

[ok] voyage 676 gap#19 (small_time_gap) -> 1 pts

============================================================
🔧 [DEBUG] 開始處理 voyage 676, gap#20
============================================================
Gap 類型: small_time_gap, 時長: 0.99 小時
📍 起點: (122.314900, 27.244556)
📍 終點: (122.432590, 27.419897)
📏 直線距離: 22.70 km

🔍 開始路徑搜尋 (方法: small_time_gap)...
   [small_gap_path] 開始網格建圖...
  🌊 海洋網格點數: 9016
   A* 找到路徑: 10 個節點
[DEBUG] A* path nodes: 10
  [DP] 輸入: 10 個點
  [DP] 路徑長度: 24.52 km (直線: 23.26 km)
  [DP] 曲折度: 1.05 (1.0=直線)
  [DP] 簡化閾值: 0.9 km = 0.008108°
  [DP] 輸出: 3 個點 (減少 70.0%)
   DP 簡化: 10 → 3 個點 (eps=0.9km)
✅ 路徑搜尋完成: 成功
📈 原始路徑點數: 3
   前3點: [(122.3149000000002, 27.244556000000063), (122.3149000000002, 27.304556000000073), (122.43490000000025, 27.42455600000009)]
   後3點: [(122.3149000000002, 27.244556000000063), (122.3149000000002, 27.304556000000073), (122.43490000000025, 27.42455600000009)]
🔧 確保端點後: 3 個點

✨ 實際插入: 1 個點
============================================================

[ok] voyage 676 gap#20 (small_time_gap) -> 1 pts

============================================================
🔧 [DEBUG] 開始處理 voyage 676, gap#21
============================================================
Gap 類型: small_time_gap, 時長: 1.01 小時
📍 起點: (122.432590, 27.419897)
📍 終點: (122.524270, 27.601952)
📏 直線距離: 22.17 km

🔍 開始路徑搜尋 (方法: small_time_gap)...
   [small_gap_path] 開始網格建圖...
  🌊 海洋網格點數: 8910
   A* 找到路徑: 11 個節點
[DEBUG] A* path nodes: 11
  [DP] 輸入: 11 個點
  [DP] 路徑長度: 23.38 km (直線: 21.89 km)
  [DP] 曲折度: 1.07 (1.0=直線)
  [DP] 簡化閾值: 0.9 km = 0.008108°
  [DP] 輸出: 3 個點 (減少 72.7%)
   DP 簡化: 11 → 3 個點 (eps=0.9km)
✅ 路徑搜尋完成: 成功
📈 原始路徑點數: 3
   前3點: [(122.4325900000002, 27.419897000000063), (122.4325900000002, 27.509897000000077), (122.52259000000025, 27.59989700000009)]
   後3點: [(122.4325900000002, 27.419897000000063), (122.4325900000002, 27.509897000000077), (122.52259000000025, 27.59989700000009)]
🔧 確保端點後: 3 個點

✨ 實際插入: 1 個點
============================================================

[ok] voyage 676 gap#21 (small_time_gap) -> 1 pts

============================================================
🔧 [DEBUG] 開始處理 voyage 676, gap#22
============================================================
Gap 類型: small_time_gap, 時長: 1.00 小時
📍 起點: (122.524270, 27.601952)
📍 終點: (122.626710, 27.778055)
📏 直線距離: 22.03 km

🔍 開始路徑搜尋 (方法: small_time_gap)...
   [small_gap_path] 開始網格建圖...
  🌊 海洋網格點數: 8918
   A* 找到路徑: 11 個節點
[DEBUG] A* path nodes: 11
  [DP] 輸入: 11 個點
  [DP] 路徑長度: 23.75 km (直線: 22.31 km)
  [DP] 曲折度: 1.06 (1.0=直線)
  [DP] 簡化閾值: 0.9 km = 0.008108°
  [DP] 輸出: 3 個點 (減少 72.7%)
   DP 簡化: 11 → 3 個點 (eps=0.9km)
✅ 路徑搜尋完成: 成功
📈 原始路徑點數: 3
   前3點: [(122.5242700000002, 27.601952000000065), (122.5242700000002, 27.681952000000077), (122.62427000000025, 27.781952000000093)]
   後3點: [(122.5242700000002, 27.601952000000065), (122.5242700000002, 27.681952000000077), (122.62427000000025, 27.781952000000093)]
🔧 確保端點後: 3 個點

✨ 實際插入: 1 個點
============================================================

[ok] voyage 676 gap#22 (small_time_gap) -> 1 pts

============================================================
🔧 [DEBUG] 開始處理 voyage 676, gap#23
============================================================
Gap 類型: small_time_gap, 時長: 1.00 小時
📍 起點: (122.626710, 27.778055)
📍 終點: (122.741170, 27.950926)
📏 直線距離: 22.27 km

🔍 開始路徑搜尋 (方法: small_time_gap)...
   [small_gap_path] 開始網格建圖...
  🌊 海洋網格點數: 9016
   A* 找到路徑: 11 個節點
[DEBUG] A* path nodes: 11
  [DP] 輸入: 11 個點
  [DP] 路徑長度: 23.00 km (直線: 21.78 km)
  [DP] 曲折度: 1.06 (1.0=直線)
  [DP] 簡化閾值: 0.9 km = 0.008108°
  [DP] 輸出: 3 個點 (減少 72.7%)
   DP 簡化: 11 → 3 個點 (eps=0.9km)
✅ 路徑搜尋完成: 成功
📈 原始路徑點數: 3
   前3點: [(122.6267100000002, 27.778055000000062), (122.6267100000002, 27.83805500000007), (122.73671000000026, 27.94805500000009)]
   後3點: [(122.6267100000002, 27.778055000000062), (122.6267100000002, 27.83805500000007), (122.73671000000026, 27.94805500000009)]
🔧 確保端點後: 3 個點

✨ 實際插入: 1 個點
============================================================

[ok] voyage 676 gap#23 (small_time_gap) -> 1 pts

============================================================
🔧 [DEBUG] 開始處理 voyage 676, gap#24
============================================================
Gap 類型: small_time_gap, 時長: 0.99 小時
📍 起點: (122.741170, 27.950926)
📍 終點: (122.845890, 28.126204)
📏 直線距離: 22.03 km

🔍 開始路徑搜尋 (方法: small_time_gap)...
   [small_gap_path] 開始網格建圖...
  🌊 海洋網格點數: 8918
   A* 找到路徑: 11 個節點
[DEBUG] A* path nodes: 11
  [DP] 輸入: 11 個點
  [DP] 路徑長度: 23.72 km (直線: 22.29 km)
  [DP] 曲折度: 1.06 (1.0=直線)
  [DP] 簡化閾值: 0.9 km = 0.008108°
  [DP] 輸出: 3 個點 (減少 72.7%)
   DP 簡化: 11 → 3 個點 (eps=0.9km)
✅ 路徑搜尋完成: 成功
📈 原始路徑點數: 3
   前3點: [(122.7411700000002, 27.950926000000063), (122.7411700000002, 28.030926000000076), (122.84117000000025, 28.13092600000009)]
   後3點: [(122.7411700000002, 27.950926000000063), (122.7411700000002, 28.030926000000076), (122.84117000000025, 28.13092600000009)]
🔧 確保端點後: 3 個點

✨ 實際插入: 1 個點
============================================================

[ok] voyage 676 gap#24 (small_time_gap) -> 1 pts

============================================================
🔧 [DEBUG] 開始處理 voyage 676, gap#25
============================================================
Gap 類型: small_time_gap, 時長: 1.01 小時
📍 起點: (122.845890, 28.126204)
📍 終點: (122.942250, 28.305536)
📏 直線距離: 22.06 km

🔍 開始路徑搜尋 (方法: small_time_gap)...
   [small_gap_path] 開始網格建圖...
  🌊 海洋網格點數: 8820
   A* 找到路徑: 10 個節點
[DEBUG] A* path nodes: 10
  [DP] 輸入: 10 個點
  [DP] 路徑長度: 23.71 km (直線: 22.28 km)
  [DP] 曲折度: 1.06 (1.0=直線)
  [DP] 簡化閾值: 0.9 km = 0.008108°
  [DP] 輸出: 3 個點 (減少 70.0%)
   DP 簡化: 10 → 3 個點 (eps=0.9km)
✅ 路徑搜尋完成: 成功
📈 原始路徑點數: 3
   前3點: [(122.8458900000002, 28.126204000000065), (122.8458900000002, 28.206204000000078), (122.94589000000025, 28.306204000000093)]
   後3點: [(122.8458900000002, 28.126204000000065), (122.8458900000002, 28.206204000000078), (122.94589000000025, 28.306204000000093)]
🔧 確保端點後: 3 個點

✨ 實際插入: 1 個點
============================================================

[ok] voyage 676 gap#25 (small_time_gap) -> 1 pts

============================================================
🔧 [DEBUG] 開始處理 voyage 676, gap#26
============================================================
Gap 類型: small_time_gap, 時長: 0.93 小時
📍 起點: (122.942250, 28.305536)
📍 終點: (123.041670, 28.454897)
📏 直線距離: 19.25 km

🔍 開始路徑搜尋 (方法: small_time_gap)...
   [small_gap_path] 開始網格建圖...
  🌊 海洋網格點數: 8550
   A* 找到路徑: 9 個節點
[DEBUG] A* path nodes: 9
  [DP] 輸入: 9 個點
  [DP] 路徑長度: 20.37 km (直線: 19.34 km)
  [DP] 曲折度: 1.05 (1.0=直線)
  [DP] 簡化閾值: 0.9 km = 0.008108°
  [DP] 輸出: 3 個點 (減少 66.7%)
   DP 簡化: 9 → 3 個點 (eps=0.9km)
✅ 路徑搜尋完成: 成功
📈 原始路徑點數: 3
   前3點: [(122.9422500000002, 28.305536000000064), (122.9422500000002, 28.355536000000072), (123.04225000000025, 28.455536000000087)]
   後3點: [(122.9422500000002, 28.305536000000064), (122.9422500000002, 28.355536000000072), (123.04225000000025, 28.455536000000087)]
🔧 確保端點後: 3 個點

✨ 實際插入: 1 個點
============================================================

[ok] voyage 676 gap#26 (small_time_gap) -> 1 pts

============================================================
🔧 [DEBUG] 開始處理 voyage 676, gap#27
============================================================
Gap 類型: small_time_gap, 時長: 1.05 小時
📍 起點: (123.041670, 28.454897)
📍 終點: (123.140770, 28.638546)
📏 直線距離: 22.60 km

🔍 開始路徑搜尋 (方法: small_time_gap)...
   [small_gap_path] 開始網格建圖...
  🌊 海洋網格點數: 8910
   A* 找到路徑: 11 個節點
[DEBUG] A* path nodes: 11
  [DP] 輸入: 11 個點
  [DP] 路徑長度: 23.69 km (直線: 22.27 km)
  [DP] 曲折度: 1.06 (1.0=直線)
  [DP] 簡化閾值: 0.9 km = 0.008108°
  [DP] 輸出: 3 個點 (減少 72.7%)
   DP 簡化: 11 → 3 個點 (eps=0.9km)
✅ 路徑搜尋完成: 成功
📈 原始路徑點數: 3
   前3點: [(123.0416700000002, 28.454897000000063), (123.0416700000002, 28.534897000000075), (123.14167000000025, 28.63489700000009)]
   後3點: [(123.0416700000002, 28.454897000000063), (123.0416700000002, 28.534897000000075), (123.14167000000025, 28.63489700000009)]
🔧 確保端點後: 3 個點

✨ 實際插入: 1 個點
============================================================

[ok] voyage 676 gap#27 (small_time_gap) -> 1 pts

============================================================
🔧 [DEBUG] 開始處理 voyage 676, gap#28
============================================================
Gap 類型: small_time_gap, 時長: 1.01 小時
📍 起點: (123.140770, 28.638546)
📍 終點: (123.187680, 28.828146)
📏 直線距離: 21.57 km

🔍 開始路徑搜尋 (方法: small_time_gap)...
   [small_gap_path] 開始網格建圖...
  🌊 海洋網格點數: 8415
   A* 找到路徑: 11 個節點
[DEBUG] A* path nodes: 11
  [DP] 輸入: 11 個點
  [DP] 路徑長度: 22.96 km (直線: 21.68 km)
  [DP] 曲折度: 1.06 (1.0=直線)
  [DP] 簡化閾值: 0.9 km = 0.008108°
  [DP] 輸出: 3 個點 (減少 72.7%)
   DP 簡化: 11 → 3 個點 (eps=0.9km)
✅ 路徑搜尋完成: 成功
📈 原始路徑點數: 3
   前3點: [(123.1407700000002, 28.638546000000066), (123.1407700000002, 28.778546000000087), (123.19077000000023, 28.828546000000095)]
   後3點: [(123.1407700000002, 28.638546000000066), (123.1407700000002, 28.778546000000087), (123.19077000000023, 28.828546000000095)]
🔧 確保端點後: 3 個點

✨ 實際插入: 1 個點
============================================================

[ok] voyage 676 gap#28 (small_time_gap) -> 1 pts

============================================================
🔧 [DEBUG] 開始處理 voyage 676, gap#29
============================================================
Gap 類型: small_time_gap, 時長: 1.01 小時
📍 起點: (123.187680, 28.828146)
📍 終點: (123.231400, 29.021967)
📏 直線距離: 21.97 km

🔍 開始路徑搜尋 (方法: small_time_gap)...
   [small_gap_path] 開始網格建圖...
  🌊 海洋網格點數: 8500
   A* 找到路徑: 11 個節點
[DEBUG] A* path nodes: 11
  [DP] 輸入: 11 個點
  [DP] 路徑長度: 22.59 km (直線: 21.48 km)
  [DP] 曲折度: 1.05 (1.0=直線)
  [DP] 簡化閾值: 0.9 km = 0.008108°
  [DP] 輸出: 3 個點 (減少 72.7%)
   DP 簡化: 11 → 3 個點 (eps=0.9km)
✅ 路徑搜尋完成: 成功
📈 原始路徑點數: 3
   前3點: [(123.1876800000002, 28.828146000000064), (123.1876800000002, 28.978146000000088), (123.22768000000022, 29.018146000000094)]
   後3點: [(123.1876800000002, 28.828146000000064), (123.1876800000002, 28.978146000000088), (123.22768000000022, 29.018146000000094)]
🔧 確保端點後: 3 個點

✨ 實際插入: 1 個點
============================================================

[ok] voyage 676 gap#29 (small_time_gap) -> 1 pts

============================================================
🔧 [DEBUG] 開始處理 voyage 676, gap#30
============================================================
Gap 類型: small_time_gap, 時長: 1.01 小時
📍 起點: (123.231400, 29.021967)
📍 終點: (123.245380, 29.214907)
📏 直線距離: 21.50 km

🔍 開始路徑搜尋 (方法: small_time_gap)...
   [small_gap_path] 開始網格建圖...
  🌊 海洋網格點數: 8200
   A* 找到路徑: 12 個節點
[DEBUG] A* path nodes: 12
  [DP] 輸入: 12 個點
  [DP] 路徑長度: 21.49 km (直線: 21.15 km)
  [DP] 曲折度: 1.02 (1.0=直線)
  [DP] 簡化閾值: 0.9 km = 0.008108°
  [DP] 輸出: 3 個點 (減少 75.0%)
   DP 簡化: 12 → 3 個點 (eps=0.9km)
✅ 路徑搜尋完成: 成功
📈 原始路徑點數: 3
   前3點: [(123.23140000000019, 29.021967000000064), (123.23140000000019, 29.201967000000092), (123.2414000000002, 29.211967000000094)]
   後3點: [(123.23140000000019, 29.021967000000064), (123.23140000000019, 29.201967000000092), (123.2414000000002, 29.211967000000094)]
🔧 確保端點後: 3 個點

✨ 實際插入: 1 個點
============================================================

[ok] voyage 676 gap#30 (small_time_gap) -> 1 pts

============================================================
🔧 [DEBUG] 開始處理 voyage 676, gap#31
============================================================
Gap 類型: small_time_gap, 時長: 0.99 小時
📍 起點: (123.245380, 29.214907)
📍 終點: (123.256120, 29.396507)
📏 直線距離: 20.22 km

🔍 開始路徑搜尋 (方法: small_time_gap)...
   [small_gap_path] 開始網格建圖...
  🌊 海洋網格點數: 8118
   A* 找到路徑: 12 個節點
[DEBUG] A* path nodes: 12
  [DP] 輸入: 12 個點
  [DP] 路徑長度: 20.38 km (直線: 20.04 km)
  [DP] 曲折度: 1.02 (1.0=直線)
  [DP] 簡化閾值: 0.9 km = 0.008108°
  [DP] 輸出: 3 個點 (減少 75.0%)
   DP 簡化: 12 → 3 個點 (eps=0.9km)
✅ 路徑搜尋完成: 成功
📈 原始路徑點數: 3
   前3點: [(123.2453800000002, 29.214907000000064), (123.2453800000002, 29.38490700000009), (123.2553800000002, 29.394907000000092)]
   後3點: [(123.2453800000002, 29.214907000000064), (123.2453800000002, 29.38490700000009), (123.2553800000002, 29.394907000000092)]
🔧 確保端點後: 3 個點

✨ 實際插入: 1 個點
============================================================

[ok] voyage 676 gap#31 (small_time_gap) -> 1 pts

============================================================
🔧 [DEBUG] 開始處理 voyage 676, gap#32
============================================================
Gap 類型: small_time_gap, 時長: 1.00 小時
📍 起點: (123.256120, 29.396507)
📍 終點: (123.272220, 29.578876)
📏 直線距離: 20.34 km

🔍 開始路徑搜尋 (方法: small_time_gap)...
   [small_gap_path] 開始網格建圖...
  🌊 海洋網格點數: 8118
   A* 找到路徑: 11 個節點
[DEBUG] A* path nodes: 11
  [DP] 輸入: 11 個點
  [DP] 路徑長度: 20.74 km (直線: 20.11 km)
  [DP] 曲折度: 1.03 (1.0=直線)
  [DP] 簡化閾值: 0.9 km = 0.008108°
  [DP] 輸出: 3 個點 (減少 72.7%)
   DP 簡化: 11 → 3 個點 (eps=0.9km)
✅ 路徑搜尋完成: 成功
📈 原始路徑點數: 3
   前3點: [(123.2561200000002, 29.396507000000064), (123.2561200000002, 29.55650700000009), (123.2761200000002, 29.576507000000092)]
   後3點: [(123.2561200000002, 29.396507000000064), (123.2561200000002, 29.55650700000009), (123.2761200000002, 29.576507000000092)]
🔧 確保端點後: 3 個點

✨ 實際插入: 1 個點
============================================================

[ok] voyage 676 gap#32 (small_time_gap) -> 1 pts

============================================================
🔧 [DEBUG] 開始處理 voyage 676, gap#33
============================================================
Gap 類型: small_time_gap, 時長: 0.99 小時
📍 起點: (123.272220, 29.578876)
📍 終點: (123.279930, 29.753967)
📏 直線距離: 19.48 km

🔍 開始路徑搜尋 (方法: small_time_gap)...
   [small_gap_path] 開始網格建圖...
  🌊 海洋網格點數: 7938
   A* 找到路徑: 11 個節點
[DEBUG] A* path nodes: 11
  [DP] 輸入: 11 個點
  [DP] 路徑長度: 20.38 km (直線: 20.04 km)
  [DP] 曲折度: 1.02 (1.0=直線)
  [DP] 簡化閾值: 0.9 km = 0.008108°
  [DP] 輸出: 3 個點 (減少 72.7%)
   DP 簡化: 11 → 3 個點 (eps=0.9km)
✅ 路徑搜尋完成: 成功
📈 原始路徑點數: 3
   前3點: [(123.2722200000002, 29.578876000000065), (123.2722200000002, 29.74887600000009), (123.28222000000021, 29.758876000000093)]
   後3點: [(123.2722200000002, 29.578876000000065), (123.2722200000002, 29.74887600000009), (123.28222000000021, 29.758876000000093)]
🔧 確保端點後: 3 個點

✨ 實際插入: 1 個點
============================================================

[ok] voyage 676 gap#33 (small_time_gap) -> 1 pts

============================================================
🔧 [DEBUG] 開始處理 voyage 676, gap#34
============================================================
Gap 類型: small_time_gap, 時長: 1.01 小時
📍 起點: (123.279930, 29.753967)
📍 終點: (123.280160, 29.924860)
📏 直線距離: 19.00 km

🔍 開始路徑搜尋 (方法: small_time_gap)...
   [small_gap_path] 開始網格建圖...
  🌊 海洋網格點數: 7938
   A* 找到路徑: 10 個節點
[DEBUG] A* path nodes: 10
  [DP] 輸入: 10 個點
  [DP] 路徑長度: 18.90 km (直線: 18.90 km)
  [DP] 曲折度: 1.00 (1.0=直線)
  [DP] 簡化閾值: 0.9 km = 0.008108°
  [DP] 輸出: 2 個點 (減少 80.0%)
   DP 簡化: 10 → 2 個點 (eps=0.9km)
✅ 路徑搜尋完成: 成功
📈 原始路徑點數: 2
   前3點: [(123.27993000000019, 29.753967000000063), (123.27993000000019, 29.92396700000009)]
   後3點: [(123.27993000000019, 29.753967000000063), (123.27993000000019, 29.92396700000009)]
🔧 確保端點後: 2 個點

✨ 實際插入: 0 個點
============================================================

[ok] voyage 676 gap#34 (small_time_gap) -> 0 pts

============================================================
🔧 [DEBUG] 開始處理 voyage 676, gap#35
============================================================
Gap 類型: small_time_gap, 時長: 1.00 小時
📍 起點: (123.280160, 29.924860)
📍 終點: (123.255510, 30.091040)
📏 直線距離: 18.63 km

🔍 開始路徑搜尋 (方法: small_time_gap)...
   [small_gap_path] 開始網格建圖...
  🌊 海洋網格點數: 8051
   A* 找到路徑: 10 個節點
[DEBUG] A* path nodes: 10
  [DP] 輸入: 10 個點
  [DP] 路徑長度: 19.62 km (直線: 19.00 km)
  [DP] 曲折度: 1.03 (1.0=直線)
  [DP] 簡化閾值: 0.9 km = 0.008108°
  [DP] 輸出: 3 個點 (減少 70.0%)
   DP 簡化: 10 → 3 個點 (eps=0.9km)
✅ 路徑搜尋完成: 成功
📈 原始路徑點數: 3
   前3點: [(123.27551000000021, 29.924860000000063), (123.27551000000021, 30.074860000000086), (123.2555100000002, 30.09486000000009)]
   後3點: [(123.27551000000021, 29.924860000000063), (123.27551000000021, 30.074860000000086), (123.2555100000002, 30.09486000000009)]
🔧 確保端點後: 3 個點

✨ 實際插入: 1 個點
============================================================

[ok] voyage 676 gap#35 (small_time_gap) -> 1 pts

============================================================
🔧 [DEBUG] 開始處理 voyage 676, gap#36
============================================================
Gap 類型: small_time_gap, 時長: 1.00 小時
📍 起點: (123.255510, 30.091040)
📍 終點: (123.278160, 30.254908)
📏 直線距離: 18.35 km

🔍 開始路徑搜尋 (方法: small_time_gap)...
   [small_gap_path] 開始網格建圖...
  🌊 海洋網格點數: 8051
   A* 找到路徑: 9 個節點
[DEBUG] A* path nodes: 9
  [DP] 輸入: 9 個點
  [DP] 路徑長度: 18.51 km (直線: 17.89 km)
  [DP] 曲折度: 1.03 (1.0=直線)
  [DP] 簡化閾值: 0.9 km = 0.008108°
  [DP] 輸出: 3 個點 (減少 66.7%)
   DP 簡化: 9 → 3 個點 (eps=0.9km)
✅ 路徑搜尋完成: 成功
📈 原始路徑點數: 3
   前3點: [(123.2555100000002, 30.091040000000064), (123.2555100000002, 30.231040000000085), (123.27551000000021, 30.25104000000009)]
   後3點: [(123.2555100000002, 30.091040000000064), (123.2555100000002, 30.231040000000085), (123.27551000000021, 30.25104000000009)]
🔧 確保端點後: 3 個點

✨ 實際插入: 1 個點
============================================================

[ok] voyage 676 gap#36 (small_time_gap) -> 1 pts

============================================================
🔧 [DEBUG] 開始處理 voyage 676, gap#37
============================================================
Gap 類型: small_time_gap, 時長: 1.00 小時
📍 起點: (123.278160, 30.254908)
📍 終點: (123.291820, 30.416901)
📏 直線距離: 18.06 km

🔍 開始路徑搜尋 (方法: small_time_gap)...
   [small_gap_path] 開始網格建圖...
  🌊 海洋網格點數: 7954
   A* 找到路徑: 10 個節點
[DEBUG] A* path nodes: 10
  [DP] 輸入: 10 個點
  [DP] 路徑長度: 18.15 km (直線: 17.82 km)
  [DP] 曲折度: 1.02 (1.0=直線)
  [DP] 簡化閾值: 0.9 km = 0.008108°
  [DP] 輸出: 3 個點 (減少 70.0%)
   DP 簡化: 10 → 3 個點 (eps=0.9km)
✅ 路徑搜尋完成: 成功
📈 原始路徑點數: 3
   前3點: [(123.2781600000002, 30.254908000000064), (123.2781600000002, 30.404908000000088), (123.2881600000002, 30.41490800000009)]
   後3點: [(123.2781600000002, 30.254908000000064), (123.2781600000002, 30.404908000000088), (123.2881600000002, 30.41490800000009)]
🔧 確保端點後: 3 個點

✨ 實際插入: 1 個點
============================================================

[ok] voyage 676 gap#37 (small_time_gap) -> 1 pts

============================================================
🔧 [DEBUG] 開始處理 voyage 676, gap#38
============================================================
Gap 類型: small_time_gap, 時長: 1.00 小時
📍 起點: (123.291820, 30.416901)
📍 終點: (123.293300, 30.592146)
📏 直線距離: 19.49 km

🔍 開始路徑搜尋 (方法: small_time_gap)...
   [small_gap_path] 開始網格建圖...
  🌊 海洋網格點數: 7938
   A* 找到路徑: 11 個節點
[DEBUG] A* path nodes: 11
  [DP] 輸入: 11 個點
  [DP] 路徑長度: 20.02 km (直線: 20.02 km)
  [DP] 曲折度: 1.00 (1.0=直線)
  [DP] 簡化閾值: 0.9 km = 0.008108°
  [DP] 輸出: 2 個點 (減少 81.8%)
   DP 簡化: 11 → 2 個點 (eps=0.9km)
✅ 路徑搜尋完成: 成功
📈 原始路徑點數: 2
   前3點: [(123.2918200000002, 30.416901000000063), (123.2918200000002, 30.59690100000009)]
   後3點: [(123.2918200000002, 30.416901000000063), (123.2918200000002, 30.59690100000009)]
🔧 確保端點後: 2 個點

✨ 實際插入: 0 個點
============================================================

[ok] voyage 676 gap#38 (small_time_gap) -> 0 pts

============================================================
🔧 [DEBUG] 開始處理 voyage 676, gap#39
============================================================
Gap 類型: small_time_gap, 時長: 0.99 小時
📍 起點: (123.293300, 30.592146)
📍 終點: (123.288860, 30.774347)
📏 直線距離: 20.26 km

🔍 開始路徑搜尋 (方法: small_time_gap)...
   [small_gap_path] 開始網格建圖...
  🌊 海洋網格點數: 8019
   A* 找到路徑: 12 個節點
[DEBUG] A* path nodes: 12
  [DP] 輸入: 12 個點
  [DP] 路徑長度: 20.02 km (直線: 20.02 km)
  [DP] 曲折度: 1.00 (1.0=直線)
  [DP] 簡化閾值: 0.9 km = 0.008108°
  [DP] 輸出: 2 個點 (減少 83.3%)
   DP 簡化: 12 → 2 個點 (eps=0.9km)
✅ 路徑搜尋完成: 成功
📈 原始路徑點數: 2
   前3點: [(123.2888600000002, 30.592146000000064), (123.2888600000002, 30.77214600000009)]
   後3點: [(123.2888600000002, 30.592146000000064), (123.2888600000002, 30.77214600000009)]
🔧 確保端點後: 2 個點

✨ 實際插入: 0 個點
============================================================

[ok] voyage 676 gap#39 (small_time_gap) -> 0 pts

============================================================
🔧 [DEBUG] 開始處理 voyage 676, gap#40
============================================================
Gap 類型: small_time_gap, 時長: 0.97 小時
📍 起點: (123.288860, 30.774347)
📍 終點: (123.168370, 30.939447)
📏 直線距離: 21.66 km

🔍 開始路徑搜尋 (方法: small_time_gap)...
   [small_gap_path] 開始網格建圖...
  🌊 海洋網格點數: 9016
   A* 找到路徑: 10 個節點
[DEBUG] A* path nodes: 10
  [DP] 輸入: 10 個點
  [DP] 路徑長度: 23.14 km (直線: 22.10 km)
  [DP] 曲折度: 1.05 (1.0=直線)
  [DP] 簡化閾值: 0.9 km = 0.008108°
  [DP] 輸出: 3 個點 (減少 70.0%)
   DP 簡化: 10 → 3 個點 (eps=0.9km)
✅ 路徑搜尋完成: 成功
📈 原始路徑點數: 3
   前3點: [(123.28837000000026, 30.774347000000063), (123.28837000000026, 30.82434700000007), (123.1683700000002, 30.94434700000009)]
   後3點: [(123.28837000000026, 30.774347000000063), (123.28837000000026, 30.82434700000007), (123.1683700000002, 30.94434700000009)]
🔧 確保端點後: 3 個點

✨ 實際插入: 1 個點
============================================================

[ok] voyage 676 gap#40 (small_time_gap) -> 1 pts

============================================================
🔧 [DEBUG] 開始處理 voyage 676, gap#41
============================================================
Gap 類型: small_time_gap, 時長: 0.99 小時
📍 起點: (123.168370, 30.939447)
📍 終點: (123.009170, 30.991493)
📏 直線距離: 16.25 km

🔍 開始路徑搜尋 (方法: small_time_gap)...
   [small_gap_path] 開始網格建圖...
  🌊 海洋網格點數: 8245
   A* 找到路徑: 10 個節點
[DEBUG] A* path nodes: 10
  [DP] 輸入: 10 個點
  [DP] 路徑長度: 17.81 km (直線: 16.24 km)
  [DP] 曲折度: 1.10 (1.0=直線)
  [DP] 簡化閾值: 0.9 km = 0.008108°
  [DP] 輸出: 3 個點 (減少 70.0%)
   DP 簡化: 10 → 3 個點 (eps=0.9km)
✅ 路徑搜尋完成: 成功
📈 原始路徑點數: 3
   前3點: [(123.16917000000028, 30.939447000000065), (123.11917000000025, 30.989447000000073), (123.0091700000002, 30.989447000000073)]
   後3點: [(123.16917000000028, 30.939447000000065), (123.11917000000025, 30.989447000000073), (123.0091700000002, 30.989447000000073)]
🔧 確保端點後: 3 個點

✨ 實際插入: 1 個點
============================================================

[ok] voyage 676 gap#41 (small_time_gap) -> 1 pts

============================================================
🔧 [DEBUG] 開始處理 voyage 676, gap#42
============================================================
Gap 類型: small_time_gap, 時長: 1.04 小時
📍 起點: (123.009170, 30.991493)
📍 終點: (122.808620, 30.995293)
📏 直線距離: 19.12 km

🔍 開始路徑搜尋 (方法: small_time_gap)...
   [small_gap_path] 開始網格建圖...
  🌊 海洋網格點數: 8146
   A* 找到路徑: 11 個節點
[DEBUG] A* path nodes: 11
  [DP] 輸入: 11 個點
  [DP] 路徑長度: 19.06 km (直線: 19.06 km)
  [DP] 曲折度: 1.00 (1.0=直線)
  [DP] 簡化閾值: 0.9 km = 0.008108°
  [DP] 輸出: 2 個點 (減少 81.8%)
   DP 簡化: 11 → 2 個點 (eps=0.9km)
✅ 路徑搜尋完成: 成功
📈 原始路徑點數: 2
   前3點: [(123.0086200000003, 30.991493000000062), (122.8086200000002, 30.991493000000062)]
   後3點: [(123.0086200000003, 30.991493000000062), (122.8086200000002, 30.991493000000062)]
🔧 確保端點後: 2 個點

✨ 實際插入: 0 個點
============================================================

[ok] voyage 676 gap#42 (small_time_gap) -> 0 pts

============================================================
🔧 [DEBUG] 開始處理 voyage 676, gap#43
============================================================
Gap 類型: small_time_gap, 時長: 1.00 小時
📍 起點: (122.808620, 30.995293)
📍 終點: (122.717640, 31.036066)
📏 直線距離: 9.78 km

🔍 開始路徑搜尋 (方法: small_time_gap)...
   [small_gap_path] 開始網格建圖...
  🌊 海洋網格點數: 7610
   A* 找到路徑: 6 個節點
[DEBUG] A* path nodes: 6
  [DP] 輸入: 6 個點
  [DP] 路徑長度: 10.62 km (直線: 9.66 km)
  [DP] 曲折度: 1.10 (1.0=直線)
  [DP] 簡化閾值: 0.9 km = 0.008108°
  [DP] 輸出: 3 個點 (減少 50.0%)
   DP 簡化: 6 → 3 個點 (eps=0.9km)
✅ 路徑搜尋完成: 成功
📈 原始路徑點數: 3
   前3點: [(122.80764000000025, 30.995293000000064), (122.76764000000023, 31.03529300000007), (122.7176400000002, 31.03529300000007)]
   後3點: [(122.80764000000025, 30.995293000000064), (122.76764000000023, 31.03529300000007), (122.7176400000002, 31.03529300000007)]
🔧 確保端點後: 3 個點

✨ 實際插入: 1 個點
============================================================

[ok] voyage 676 gap#43 (small_time_gap) -> 1 pts

============================================================
🔧 [DEBUG] 開始處理 voyage 676, gap#44
============================================================
Gap 類型: small_time_gap, 時長: 0.86 小時
📍 起點: (122.717640, 31.036066)
📍 終點: (122.715580, 31.034679)
📏 直線距離: 0.25 km

🔍 開始路徑搜尋 (方法: small_time_gap)...
   [small_gap_path] 開始網格建圖...
  🌊 海洋網格點數: 6520
   A* 找到路徑: 1 個節點
[DEBUG] A* path nodes: 1
   DP 簡化: 1 → 1 個點 (eps=0.9km)
[warn] voyage 676 gap#44: reconstruction failed.

============================================================
🔧 [DEBUG] 開始處理 voyage 676, gap#45
============================================================
Gap 類型: small_time_gap, 時長: 1.05 小時
📍 起點: (122.715580, 31.034679)
📍 終點: (122.715610, 31.034863)
📏 直線距離: 0.02 km

🔍 開始路徑搜尋 (方法: small_time_gap)...
   [small_gap_path] 開始網格建圖...
  🌊 海洋網格點數: 6520
   A* 找到路徑: 1 個節點
[DEBUG] A* path nodes: 1
   DP 簡化: 1 → 1 個點 (eps=0.9km)
[warn] voyage 676 gap#45: reconstruction failed.

============================================================
🔧 [DEBUG] 開始處理 voyage 676, gap#46
============================================================
Gap 類型: small_time_gap, 時長: 1.02 小時
📍 起點: (122.715610, 31.034863)
📍 終點: (122.715870, 31.034601)
📏 直線距離: 0.04 km

🔍 開始路徑搜尋 (方法: small_time_gap)...
   [small_gap_path] 開始網格建圖...
  🌊 海洋網格點數: 6520
   A* 找到路徑: 1 個節點
[DEBUG] A* path nodes: 1
   DP 簡化: 1 → 1 個點 (eps=0.9km)
[warn] voyage 676 gap#46: reconstruction failed.

============================================================
🔧 [DEBUG] 開始處理 voyage 676, gap#47
============================================================
Gap 類型: small_time_gap, 時長: 1.00 小時
📍 起點: (122.715870, 31.034601)
📍 終點: (122.715610, 31.034437)
📏 直線距離: 0.03 km

🔍 開始路徑搜尋 (方法: small_time_gap)...
   [small_gap_path] 開始網格建圖...
  🌊 海洋網格點數: 6520
   A* 找到路徑: 1 個節點
[DEBUG] A* path nodes: 1
   DP 簡化: 1 → 1 個點 (eps=0.9km)
[warn] voyage 676 gap#47: reconstruction failed.

============================================================
🔧 [DEBUG] 開始處理 voyage 676, gap#48
============================================================
Gap 類型: small_time_gap, 時長: 0.95 小時
📍 起點: (122.715610, 31.034437)
📍 終點: (122.715550, 31.034428)
📏 直線距離: 0.01 km

🔍 開始路徑搜尋 (方法: small_time_gap)...
   [small_gap_path] 開始網格建圖...
  🌊 海洋網格點數: 6520
   A* 找到路徑: 1 個節點
[DEBUG] A* path nodes: 1
   DP 簡化: 1 → 1 個點 (eps=0.9km)
[warn] voyage 676 gap#48: reconstruction failed.

============================================================
🔧 [DEBUG] 開始處理 voyage 676, gap#49
============================================================
Gap 類型: small_time_gap, 時長: 1.08 小時
📍 起點: (122.715550, 31.034428)
📍 終點: (122.714740, 31.034540)
📏 直線距離: 0.08 km

🔍 開始路徑搜尋 (方法: small_time_gap)...
   [small_gap_path] 開始網格建圖...
  🌊 海洋網格點數: 6518
   A* 找到路徑: 1 個節點
[DEBUG] A* path nodes: 1
   DP 簡化: 1 → 1 個點 (eps=0.9km)
[warn] voyage 676 gap#49: reconstruction failed.

============================================================
🔧 [DEBUG] 開始處理 voyage 676, gap#50
============================================================
Gap 類型: small_time_gap, 時長: 0.95 小時
📍 起點: (122.714740, 31.034540)
📍 終點: (122.713730, 31.035440)
📏 直線距離: 0.14 km

🔍 開始路徑搜尋 (方法: small_time_gap)...
   [small_gap_path] 開始網格建圖...
  🌊 海洋網格點數: 6519
   A* 找到路徑: 1 個節點
[DEBUG] A* path nodes: 1
   DP 簡化: 1 → 1 個點 (eps=0.9km)
[warn] voyage 676 gap#50: reconstruction failed.

============================================================
🔧 [DEBUG] 開始處理 voyage 676, gap#51
============================================================
Gap 類型: small_time_gap, 時長: 0.96 小時
📍 起點: (122.713730, 31.035440)
📍 終點: (122.713480, 31.036303)
📏 直線距離: 0.10 km

🔍 開始路徑搜尋 (方法: small_time_gap)...
   [small_gap_path] 開始網格建圖...
  🌊 海洋網格點數: 6519
   A* 找到路徑: 1 個節點
[DEBUG] A* path nodes: 1
   DP 簡化: 1 → 1 個點 (eps=0.9km)
[warn] voyage 676 gap#51: reconstruction failed.

============================================================
🔧 [DEBUG] 開始處理 voyage 676, gap#52
============================================================
Gap 類型: small_time_gap, 時長: 1.03 小時
📍 起點: (122.713480, 31.036303)
📍 終點: (122.713710, 31.037148)
📏 直線距離: 0.10 km

🔍 開始路徑搜尋 (方法: small_time_gap)...
   [small_gap_path] 開始網格建圖...
  🌊 海洋網格點數: 6523
   A* 找到路徑: 1 個節點
[DEBUG] A* path nodes: 1
   DP 簡化: 1 → 1 個點 (eps=0.9km)
[warn] voyage 676 gap#52: reconstruction failed.

============================================================
🔧 [DEBUG] 開始處理 voyage 676, gap#53
============================================================
Gap 類型: small_time_gap, 時長: 1.06 小時
📍 起點: (122.713710, 31.037148)
📍 終點: (122.714360, 31.037733)
📏 直線距離: 0.09 km

🔍 開始路徑搜尋 (方法: small_time_gap)...
   [small_gap_path] 開始網格建圖...
  🌊 海洋網格點數: 6523
   A* 找到路徑: 1 個節點
[DEBUG] A* path nodes: 1
   DP 簡化: 1 → 1 個點 (eps=0.9km)
[warn] voyage 676 gap#53: reconstruction failed.

============================================================
🔧 [DEBUG] 開始處理 voyage 676, gap#54
============================================================
Gap 類型: small_time_gap, 時長: 1.00 小時
📍 起點: (122.714360, 31.037733)
📍 終點: (122.714870, 31.037973)
📏 直線距離: 0.06 km

🔍 開始路徑搜尋 (方法: small_time_gap)...
   [small_gap_path] 開始網格建圖...
  🌊 海洋網格點數: 6521
   A* 找到路徑: 1 個節點
[DEBUG] A* path nodes: 1
   DP 簡化: 1 → 1 個點 (eps=0.9km)
[warn] voyage 676 gap#54: reconstruction failed.

============================================================
🔧 [DEBUG] 開始處理 voyage 676, gap#55
============================================================
Gap 類型: small_time_gap, 時長: 1.00 小時
📍 起點: (122.714870, 31.037973)
📍 終點: (122.716110, 31.037939)
📏 直線距離: 0.12 km

🔍 開始路徑搜尋 (方法: small_time_gap)...
   [small_gap_path] 開始網格建圖...
  🌊 海洋網格點數: 6520
   A* 找到路徑: 1 個節點
[DEBUG] A* path nodes: 1
   DP 簡化: 1 → 1 個點 (eps=0.9km)
[warn] voyage 676 gap#55: reconstruction failed.

============================================================
🔧 [DEBUG] 開始處理 voyage 676, gap#56
============================================================
Gap 類型: small_time_gap, 時長: 1.00 小時
📍 起點: (122.716110, 31.037939)
📍 終點: (122.717060, 31.037399)
📏 直線距離: 0.11 km

🔍 開始路徑搜尋 (方法: small_time_gap)...
   [small_gap_path] 開始網格建圖...
  🌊 海洋網格點數: 6521
   A* 找到路徑: 1 個節點
[DEBUG] A* path nodes: 1
   DP 簡化: 1 → 1 個點 (eps=0.9km)
[warn] voyage 676 gap#56: reconstruction failed.

============================================================
🔧 [DEBUG] 開始處理 voyage 676, gap#57
============================================================
Gap 類型: small_time_gap, 時長: 1.00 小時
📍 起點: (122.717060, 31.037399)
📍 終點: (122.717400, 31.036127)
📏 直線距離: 0.15 km

🔍 開始路徑搜尋 (方法: small_time_gap)...
   [small_gap_path] 開始網格建圖...
  🌊 海洋網格點數: 6521
   A* 找到路徑: 1 個節點
[DEBUG] A* path nodes: 1
   DP 簡化: 1 → 1 個點 (eps=0.9km)
[warn] voyage 676 gap#57: reconstruction failed.

============================================================
🔧 [DEBUG] 開始處理 voyage 676, gap#58
============================================================
Gap 類型: small_time_gap, 時長: 1.00 小時
📍 起點: (122.717400, 31.036127)
📍 終點: (122.716810, 31.035126)
📏 直線距離: 0.12 km

🔍 開始路徑搜尋 (方法: small_time_gap)...
   [small_gap_path] 開始網格建圖...
  🌊 海洋網格點數: 6522
   A* 找到路徑: 1 個節點
[DEBUG] A* path nodes: 1
   DP 簡化: 1 → 1 個點 (eps=0.9km)
[warn] voyage 676 gap#58: reconstruction failed.

============================================================
🔧 [DEBUG] 開始處理 voyage 676, gap#59
============================================================
Gap 類型: small_time_gap, 時長: 1.00 小時
📍 起點: (122.716810, 31.035126)
📍 終點: (122.716770, 31.035299)
📏 直線距離: 0.02 km

🔍 開始路徑搜尋 (方法: small_time_gap)...
   [small_gap_path] 開始網格建圖...
  🌊 海洋網格點數: 6521
   A* 找到路徑: 1 個節點
[DEBUG] A* path nodes: 1
   DP 簡化: 1 → 1 個點 (eps=0.9km)
[warn] voyage 676 gap#59: reconstruction failed.

============================================================
🔧 [DEBUG] 開始處理 voyage 676, gap#60
============================================================
Gap 類型: small_time_gap, 時長: 1.04 小時
📍 起點: (122.716770, 31.035299)
📍 終點: (122.651860, 30.989256)
📏 直線距離: 8.03 km

🔍 開始路徑搜尋 (方法: small_time_gap)...
   [small_gap_path] 開始網格建圖...
  🌊 海洋網格點數: 7354
   A* 找到路徑: 5 個節點
[DEBUG] A* path nodes: 5
  [DP] 輸入: 5 個點
  [DP] 路徑長度: 8.27 km (直線: 7.98 km)
  [DP] 曲折度: 1.04 (1.0=直線)
  [DP] 簡化閾值: 0.9 km = 0.008108°
  [DP] 輸出: 2 個點 (減少 60.0%)
   DP 簡化: 5 → 2 個點 (eps=0.9km)
✅ 路徑搜尋完成: 成功
📈 原始路徑點數: 2
   前3點: [(122.71186000000023, 31.039256000000073), (122.6518600000002, 30.989256000000065)]
   後3點: [(122.71186000000023, 31.039256000000073), (122.6518600000002, 30.989256000000065)]
🔧 確保端點後: 2 個點

✨ 實際插入: 0 個點
============================================================

[ok] voyage 676 gap#60 (small_time_gap) -> 0 pts

============================================================
🔧 [DEBUG] 開始處理 voyage 676, gap#61
============================================================
Gap 類型: small_time_gap, 時長: 0.96 小時
📍 起點: (122.651860, 30.989256)
📍 終點: (122.517320, 31.001774)
📏 直線距離: 12.90 km

🔍 開始路徑搜尋 (方法: small_time_gap)...
   [small_gap_path] 開始網格建圖...
  🌊 海洋網格點數: 7666
   A* 找到路徑: 8 個節點
[DEBUG] A* path nodes: 8
  [DP] 輸入: 8 個點
  [DP] 路徑長度: 12.90 km (直線: 12.44 km)
  [DP] 曲折度: 1.04 (1.0=直線)
  [DP] 簡化閾值: 0.9 km = 0.008108°
  [DP] 輸出: 3 個點 (減少 62.5%)
   DP 簡化: 8 → 3 個點 (eps=0.9km)
✅ 路徑搜尋完成: 成功
📈 原始路徑點數: 3
   前3點: [(122.64732000000026, 30.989256000000065), (122.63732000000026, 30.999256000000067), (122.5173200000002, 30.999256000000067)]
   後3點: [(122.64732000000026, 30.989256000000065), (122.63732000000026, 30.999256000000067), (122.5173200000002, 30.999256000000067)]
🔧 確保端點後: 3 個點

✨ 實際插入: 1 個點
============================================================

[ok] voyage 676 gap#61 (small_time_gap) -> 1 pts

============================================================
🔧 [DEBUG] 開始處理 voyage 676, gap#62
============================================================
Gap 類型: small_time_gap, 時長: 1.00 小時
📍 起點: (122.517320, 31.001774)
📍 終點: (122.384150, 31.028721)
📏 直線距離: 13.04 km

🔍 開始路徑搜尋 (方法: small_time_gap)...
   [small_gap_path] 開始網格建圖...
  🌊 海洋網格點數: 7760
   A* 找到路徑: 8 個節點
[DEBUG] A* path nodes: 8
  [DP] 輸入: 8 個點
  [DP] 路徑長度: 13.92 km (直線: 12.83 km)
  [DP] 曲折度: 1.09 (1.0=直線)
  [DP] 簡化閾值: 0.9 km = 0.008108°
  [DP] 輸出: 3 個點 (減少 62.5%)
   DP 簡化: 8 → 3 個點 (eps=0.9km)
✅ 路徑搜尋完成: 成功
📈 原始路徑點數: 3
   前3點: [(122.51415000000027, 31.001774000000065), (122.48415000000026, 31.03177400000007), (122.3841500000002, 31.03177400000007)]
   後3點: [(122.51415000000027, 31.001774000000065), (122.48415000000026, 31.03177400000007), (122.3841500000002, 31.03177400000007)]
🔧 確保端點後: 3 個點

✨ 實際插入: 1 個點
============================================================

[ok] voyage 676 gap#62 (small_time_gap) -> 1 pts

============================================================
🔧 [DEBUG] 開始處理 voyage 676, gap#63
============================================================
Gap 類型: small_time_gap, 時長: 1.03 小時
📍 起點: (122.384150, 31.028721)
📍 終點: (122.197530, 31.053049)
📏 直線距離: 17.98 km

🔍 開始路徑搜尋 (方法: small_time_gap)...
   [small_gap_path] 開始網格建圖...
  🌊 海洋網格點數: 7719
   A* 找到路徑: 11 個節點
[DEBUG] A* path nodes: 11
  [DP] 輸入: 11 個點
  [DP] 路徑長度: 19.12 km (直線: 18.24 km)
  [DP] 曲折度: 1.05 (1.0=直線)
  [DP] 簡化閾值: 0.9 km = 0.008108°
  [DP] 輸出: 3 個點 (減少 72.7%)
   DP 簡化: 11 → 3 個點 (eps=0.9km)
✅ 路徑搜尋完成: 成功
📈 原始路徑點數: 3
   前3點: [(122.3875300000003, 31.028721000000065), (122.36753000000029, 31.048721000000068), (122.1975300000002, 31.048721000000068)]
   後3點: [(122.3875300000003, 31.028721000000065), (122.36753000000029, 31.048721000000068), (122.1975300000002, 31.048721000000068)]
🔧 確保端點後: 3 個點

✨ 實際插入: 1 個點
============================================================

[ok] voyage 676 gap#63 (small_time_gap) -> 1 pts

============================================================
🔧 [DEBUG] 開始處理 voyage 676, gap#64
============================================================
Gap 類型: small_time_gap, 時長: 0.99 小時
📍 起點: (122.197530, 31.053049)
📍 終點: (122.019000, 31.084263)
📏 直線距離: 17.35 km

🔍 開始路徑搜尋 (方法: small_time_gap)...
   [small_gap_path] 開始網格建圖...
  🌊 海洋網格點數: 6821
   A* 找到路徑: 11 個節點
[DEBUG] A* path nodes: 11
  [DP] 輸入: 11 個點
  [DP] 路徑長度: 18.68 km (直線: 17.47 km)
  [DP] 曲折度: 1.07 (1.0=直線)
  [DP] 簡化閾值: 0.9 km = 0.008108°
  [DP] 輸出: 3 個點 (減少 72.7%)
   DP 簡化: 11 → 3 個點 (eps=0.9km)
✅ 路徑搜尋完成: 成功
📈 原始路徑點數: 3
   前3點: [(122.1990000000003, 31.053049000000065), (122.16900000000028, 31.08304900000007), (122.0190000000002, 31.08304900000007)]
   後3點: [(122.1990000000003, 31.053049000000065), (122.16900000000028, 31.08304900000007), (122.0190000000002, 31.08304900000007)]
🔧 確保端點後: 3 個點

✨ 實際插入: 1 個點
============================================================

[ok] voyage 676 gap#64 (small_time_gap) -> 1 pts

============================================================
🔧 [DEBUG] 開始處理 voyage 676, gap#65
============================================================
Gap 類型: small_time_gap, 時長: 1.01 小時
📍 起點: (122.019000, 31.084263)
📍 終點: (121.811150, 31.215454)
📏 直線距離: 24.58 km

🔍 開始路徑搜尋 (方法: small_time_gap)...
   [small_gap_path] 開始網格建圖...
  🌊 海洋網格點數: 6376
   A* 找到路徑: 12 個節點
[DEBUG] A* path nodes: 12
  [DP] 輸入: 12 個點
  [DP] 路徑長度: 26.63 km (直線: 24.66 km)
  [DP] 曲折度: 1.08 (1.0=直線)
  [DP] 簡化閾值: 0.9 km = 0.008108°
  [DP] 輸出: 3 個點 (減少 75.0%)
   DP 簡化: 12 → 3 個點 (eps=0.9km)
✅ 路徑搜尋完成: 成功
📈 原始路徑點數: 3
   前3點: [(122.0211500000003, 31.084263000000064), (121.89115000000024, 31.214263000000084), (121.8111500000002, 31.214263000000084)]
   後3點: [(122.0211500000003, 31.084263000000064), (121.89115000000024, 31.214263000000084), (121.8111500000002, 31.214263000000084)]
🔧 確保端點後: 3 個點

✨ 實際插入: 1 個點
============================================================

[ok] voyage 676 gap#65 (small_time_gap) -> 1 pts

============================================================
🔧 [DEBUG] 開始處理 voyage 676, gap#66
============================================================
Gap 類型: small_time_gap, 時長: 1.00 小時
📍 起點: (121.811150, 31.215454)
📍 終點: (121.658580, 31.351761)
📏 直線距離: 20.97 km

🔍 開始路徑搜尋 (方法: small_time_gap)...
   [small_gap_path] 開始網格建圖...
  🌊 海洋網格點數: 4330
   A* 找到路徑: 9 個節點
[DEBUG] A* path nodes: 9
  [DP] 輸入: 9 個點
  [DP] 路徑長度: 21.43 km (直線: 21.11 km)
  [DP] 曲折度: 1.02 (1.0=直線)
  [DP] 簡化閾值: 0.9 km = 0.008108°
  [DP] 輸出: 2 個點 (減少 77.8%)
   DP 簡化: 9 → 2 個點 (eps=0.9km)
✅ 路徑搜尋完成: 成功
📈 原始路徑點數: 2
   前3點: [(121.80858000000028, 31.215454000000065), (121.6585800000002, 31.355454000000087)]
   後3點: [(121.80858000000028, 31.215454000000065), (121.6585800000002, 31.355454000000087)]
🔧 確保端點後: 2 個點

✨ 實際插入: 0 個點
============================================================

[ok] voyage 676 gap#66 (small_time_gap) -> 0 pts

============================================================
🔧 [DEBUG] 開始處理 voyage 676, gap#67
============================================================
Gap 類型: small_time_gap, 時長: 0.99 小時
📍 起點: (121.658580, 31.351761)
📍 終點: (121.495330, 31.431999)
📏 直線距離: 17.88 km

🔍 開始路徑搜尋 (方法: small_time_gap)...
   [small_gap_path] 開始網格建圖...
  🌊 海洋網格點數: 3047
   A* 找到路徑: 9 個節點
[DEBUG] A* path nodes: 9
  [DP] 輸入: 9 個點
  [DP] 路徑長度: 19.29 km (直線: 17.60 km)
  [DP] 曲折度: 1.10 (1.0=直線)
  [DP] 簡化閾值: 0.9 km = 0.008108°
  [DP] 輸出: 3 個點 (減少 66.7%)
   DP 簡化: 9 → 3 個點 (eps=0.9km)
✅ 路徑搜尋完成: 成功
📈 原始路徑點數: 3
   前3點: [(121.65533000000028, 31.351761000000064), (121.57533000000024, 31.431761000000076), (121.4953300000002, 31.431761000000076)]
   後3點: [(121.65533000000028, 31.351761000000064), (121.57533000000024, 31.431761000000076), (121.4953300000002, 31.431761000000076)]
🔧 確保端點後: 3 個點

✨ 實際插入: 1 個點
============================================================

[ok] voyage 676 gap#67 (small_time_gap) -> 1 pts

============================================================
🔧 [DEBUG] 開始處理 voyage 676, gap#68
============================================================
Gap 類型: small_time_gap, 時長: 1.01 小時
📍 起點: (121.495330, 31.431999)
📍 終點: (121.328800, 31.553440)
📏 直線距離: 20.78 km

🔍 開始路徑搜尋 (方法: small_time_gap)...
   [small_gap_path] 開始網格建圖...
  🌊 海洋網格點數: 1977
   A* 找到路徑: 10 個節點
[DEBUG] A* path nodes: 10
  [DP] 輸入: 10 個點
  [DP] 路徑長度: 22.27 km (直線: 20.93 km)
  [DP] 曲折度: 1.06 (1.0=直線)
  [DP] 簡化閾值: 0.9 km = 0.008108°
  [DP] 輸出: 3 個點 (減少 70.0%)
   DP 簡化: 10 → 3 個點 (eps=0.9km)
✅ 路徑搜尋完成: 成功
📈 原始路徑點數: 3
   前3點: [(121.49880000000029, 31.431999000000065), (121.37880000000023, 31.551999000000084), (121.3288000000002, 31.551999000000084)]
   後3點: [(121.49880000000029, 31.431999000000065), (121.37880000000023, 31.551999000000084), (121.3288000000002, 31.551999000000084)]
🔧 確保端點後: 3 個點

✨ 實際插入: 1 個點
============================================================

[ok] voyage 676 gap#68 (small_time_gap) -> 1 pts

============================================================
🔧 [DEBUG] 開始處理 voyage 676, gap#69
============================================================
Gap 類型: small_time_gap, 時長: 1.00 小時
📍 起點: (121.328800, 31.553440)
📍 終點: (121.132210, 31.713747)
📏 直線距離: 25.77 km

🔍 開始路徑搜尋 (方法: small_time_gap)...
   [small_gap_path] 開始網格建圖...
  🌊 海洋網格點數: 1822
   A* 找到路徑: 11 個節點
[DEBUG] A* path nodes: 11
  [DP] 輸入: 11 個點
  [DP] 路徑長度: 27.15 km (直線: 25.98 km)
  [DP] 曲折度: 1.04 (1.0=直線)
  [DP] 簡化閾值: 0.9 km = 0.008108°
  [DP] 輸出: 3 個點 (減少 72.7%)
   DP 簡化: 11 → 3 個點 (eps=0.9km)
✅ 路徑搜尋完成: 成功
📈 原始路徑點數: 3
   前3點: [(121.3322100000003, 31.553440000000062), (121.17221000000022, 31.713440000000087), (121.1322100000002, 31.713440000000087)]
   後3點: [(121.3322100000003, 31.553440000000062), (121.17221000000022, 31.713440000000087), (121.1322100000002, 31.713440000000087)]
🔧 確保端點後: 3 個點

✨ 實際插入: 1 個點
============================================================

[ok] voyage 676 gap#69 (small_time_gap) -> 1 pts

============================================================
🔧 [DEBUG] 開始處理 voyage 676, gap#70
============================================================
Gap 類型: small_time_gap, 時長: 1.00 小時
📍 起點: (121.132210, 31.713747)
📍 終點: (120.928040, 31.779524)
📏 直線距離: 20.65 km

🔍 開始路徑搜尋 (方法: small_time_gap)...
   [small_gap_path] 開始網格建圖...
  🌊 海洋網格點數: 1470
   A* 找到路徑: 12 個節點
[DEBUG] A* path nodes: 12
  [DP] 輸入: 12 個點
  [DP] 路徑長度: 22.51 km (直線: 20.45 km)
  [DP] 曲折度: 1.10 (1.0=直線)
  [DP] 簡化閾值: 0.9 km = 0.008108°
  [DP] 輸出: 3 個點 (減少 75.0%)
   DP 簡化: 12 → 3 個點 (eps=0.9km)
✅ 路徑搜尋完成: 成功
📈 原始路徑點數: 3
   前3點: [(121.1280400000003, 31.713747000000065), (121.05804000000026, 31.783747000000076), (120.9280400000002, 31.783747000000076)]
   後3點: [(121.1280400000003, 31.713747000000065), (121.05804000000026, 31.783747000000076), (120.9280400000002, 31.783747000000076)]
🔧 確保端點後: 3 個點

✨ 實際插入: 1 個點
============================================================

[ok] voyage 676 gap#70 (small_time_gap) -> 1 pts

============================================================
🔧 [DEBUG] 開始處理 voyage 676, gap#71
============================================================
Gap 類型: small_time_gap, 時長: 0.93 小時
📍 起點: (120.928040, 31.779524)
📍 終點: (120.841640, 31.836813)
📏 直線距離: 10.36 km

🔍 開始路徑搜尋 (方法: small_time_gap)...
   [small_gap_path] 開始網格建圖...
  🌊 海洋網格點數: 1013
   A* 找到路徑: 6 個節點
[DEBUG] A* path nodes: 6
  [DP] 輸入: 6 個點
  [DP] 路徑長度: 11.59 km (直線: 10.81 km)
  [DP] 曲折度: 1.07 (1.0=直線)
  [DP] 簡化閾值: 0.9 km = 0.008108°
  [DP] 輸出: 3 個點 (減少 50.0%)
   DP 簡化: 6 → 3 個點 (eps=0.9km)
✅ 路徑搜尋完成: 成功
📈 原始路徑點數: 3
   前3點: [(120.93164000000024, 31.779524000000063), (120.87164000000021, 31.839524000000072), (120.8416400000002, 31.839524000000072)]
   後3點: [(120.93164000000024, 31.779524000000063), (120.87164000000021, 31.839524000000072), (120.8416400000002, 31.839524000000072)]
🔧 確保端點後: 3 個點

✨ 實際插入: 1 個點
============================================================

[ok] voyage 676 gap#71 (small_time_gap) -> 1 pts

============================================================
🔧 [DEBUG] 開始處理 voyage 676, gap#72
============================================================
Gap 類型: small_time_gap, 時長: 0.97 小時
📍 起點: (120.841640, 31.836813)
📍 終點: (120.841660, 31.836817)
📏 直線距離: 0.00 km

🔍 開始路徑搜尋 (方法: small_time_gap)...
   [small_gap_path] 開始網格建圖...
  🌊 海洋網格點數: 865
   A* 找到路徑: 1 個節點
[DEBUG] A* path nodes: 1
   DP 簡化: 1 → 1 個點 (eps=0.9km)
[warn] voyage 676 gap#72: reconstruction failed.

============================================================
🔧 [DEBUG] 開始處理 voyage 676, gap#73
============================================================
Gap 類型: small_time_gap, 時長: 1.02 小時
📍 起點: (120.841660, 31.836817)
📍 終點: (120.841740, 31.836834)
📏 直線距離: 0.01 km

🔍 開始路徑搜尋 (方法: small_time_gap)...
   [small_gap_path] 開始網格建圖...
  🌊 海洋網格點數: 865
   A* 找到路徑: 1 個節點
[DEBUG] A* path nodes: 1
   DP 簡化: 1 → 1 個點 (eps=0.9km)
[warn] voyage 676 gap#73: reconstruction failed.

============================================================
🔧 [DEBUG] 開始處理 voyage 676, gap#74
============================================================
Gap 類型: small_time_gap, 時長: 0.90 小時
📍 起點: (120.841740, 31.836834)
📍 終點: (120.841650, 31.836863)
📏 直線距離: 0.01 km

🔍 開始路徑搜尋 (方法: small_time_gap)...
   [small_gap_path] 開始網格建圖...
  🌊 海洋網格點數: 863
   A* 找到路徑: 1 個節點
[DEBUG] A* path nodes: 1
   DP 簡化: 1 → 1 個點 (eps=0.9km)
[warn] voyage 676 gap#74: reconstruction failed.

============================================================
🔧 [DEBUG] 開始處理 voyage 676, gap#75
============================================================
Gap 類型: small_time_gap, 時長: 0.80 小時
📍 起點: (120.841650, 31.836863)
📍 終點: (120.841640, 31.836826)
📏 直線距離: 0.00 km

🔍 開始路徑搜尋 (方法: small_time_gap)...
   [small_gap_path] 開始網格建圖...
  🌊 海洋網格點數: 864
   A* 找到路徑: 1 個節點
[DEBUG] A* path nodes: 1
   DP 簡化: 1 → 1 個點 (eps=0.9km)
[warn] voyage 676 gap#75: reconstruction failed.

============================================================
🔧 [DEBUG] 開始處理 voyage 676, gap#76
============================================================
Gap 類型: small_time_gap, 時長: 1.31 小時
📍 起點: (120.841640, 31.836826)
📍 終點: (120.841650, 31.836823)
📏 直線距離: 0.00 km

🔍 開始路徑搜尋 (方法: small_time_gap)...
   [small_gap_path] 開始網格建圖...
  🌊 海洋網格點數: 865
   A* 找到路徑: 1 個節點
[DEBUG] A* path nodes: 1
   DP 簡化: 1 → 1 個點 (eps=0.9km)
[warn] voyage 676 gap#76: reconstruction failed.

============================================================
🔧 [DEBUG] 開始處理 voyage 676, gap#77
============================================================
Gap 類型: small_time_gap, 時長: 1.04 小時
📍 起點: (120.841650, 31.836823)
📍 終點: (120.841650, 31.836826)
📏 直線距離: 0.00 km

🔍 開始路徑搜尋 (方法: small_time_gap)...
   [small_gap_path] 開始網格建圖...
  🌊 海洋網格點數: 865
   A* 找到路徑: 1 個節點
[DEBUG] A* path nodes: 1
   DP 簡化: 1 → 1 個點 (eps=0.9km)
[warn] voyage 676 gap#77: reconstruction failed.

============================================================
🔧 [DEBUG] 開始處理 voyage 676, gap#78
============================================================
Gap 類型: small_time_gap, 時長: 0.80 小時
📍 起點: (120.841650, 31.836826)
📍 終點: (120.841660, 31.836811)
📏 直線距離: 0.00 km

🔍 開始路徑搜尋 (方法: small_time_gap)...
   [small_gap_path] 開始網格建圖...
  🌊 海洋網格點數: 865
   A* 找到路徑: 1 個節點
[DEBUG] A* path nodes: 1
   DP 簡化: 1 → 1 個點 (eps=0.9km)
[warn] voyage 676 gap#78: reconstruction failed.

============================================================
🔧 [DEBUG] 開始處理 voyage 676, gap#79
============================================================
Gap 類型: small_time_gap, 時長: 1.10 小時
📍 起點: (120.841660, 31.836811)
📍 終點: (120.841650, 31.836901)
📏 直線距離: 0.01 km

🔍 開始路徑搜尋 (方法: small_time_gap)...
   [small_gap_path] 開始網格建圖...
  🌊 海洋網格點數: 865
   A* 找到路徑: 1 個節點
[DEBUG] A* path nodes: 1
   DP 簡化: 1 → 1 個點 (eps=0.9km)
[warn] voyage 676 gap#79: reconstruction failed.

============================================================
🔧 [DEBUG] 開始處理 voyage 676, gap#80
============================================================
Gap 類型: small_time_gap, 時長: 1.10 小時
📍 起點: (120.841650, 31.836901)
📍 終點: (120.841650, 31.836849)
📏 直線距離: 0.01 km

🔍 開始路徑搜尋 (方法: small_time_gap)...
   [small_gap_path] 開始網格建圖...
  🌊 海洋網格點數: 863
   A* 找到路徑: 1 個節點
[DEBUG] A* path nodes: 1
   DP 簡化: 1 → 1 個點 (eps=0.9km)
[warn] voyage 676 gap#80: reconstruction failed.

============================================================
🔧 [DEBUG] 開始處理 voyage 676, gap#81
============================================================
Gap 類型: small_time_gap, 時長: 1.00 小時
📍 起點: (120.841650, 31.836849)
📍 終點: (120.841670, 31.836849)
📏 直線距離: 0.00 km

🔍 開始路徑搜尋 (方法: small_time_gap)...
   [small_gap_path] 開始網格建圖...
  🌊 海洋網格點數: 863
   A* 找到路徑: 1 個節點
[DEBUG] A* path nodes: 1
   DP 簡化: 1 → 1 個點 (eps=0.9km)
[warn] voyage 676 gap#81: reconstruction failed.

--- Logging started at 2025-10-09 16:16:43.281649 ---

============================================================
🔧 [DEBUG] 開始處理 voyage 676, gap#0
============================================================
Gap 類型: small_time_gap, 時長: 1.00 小時
📍 起點: (120.482490, 24.230904)
📍 終點: (120.492900, 24.243525)
📏 直線距離: 1.76 km

🔍 開始路徑搜尋 (方法: small_time_gap)...
  ⚠️ 陸地阻擋，使用 A* 繞行
  🌊 海洋網格點數: 461133
  ❌ A* 搜尋失敗，退回直線
✅ 路徑搜尋完成: 成功
📈 最終路徑點數: 5353
🔧 確保端點後: 5353 個點

✨ 實際插入: 5351 個點
============================================================

[ok] voyage 676 gap#0 (small_time_gap) -> 5351 pts

============================================================
🔧 [DEBUG] 開始處理 voyage 676, gap#1
============================================================
Gap 類型: small_time_gap, 時長: 1.00 小時
📍 起點: (120.492900, 24.243525)
📍 終點: (120.438150, 24.375999)
📏 直線距離: 15.74 km

🔍 開始路徑搜尋 (方法: small_time_gap)...
  ⚠️ 陸地阻擋，使用 A* 繞行
載入與前處理資料中...
清理後資料筆數: 9658
執行停泊判斷...
偵測到停泊區段數量: 867
切分航程...
切分後航程數量: 866
Map saved to voyages_map.html
執行航程 QA 檢查...
QA 完成，有效航程數量: 0

============================================================
🔧 [DEBUG] 開始處理 voyage 676, gap#0
============================================================
Gap 類型: small_time_gap, 時長: 1.00 小時
📍 起點: (120.482490, 24.230904)
📍 終點: (120.492900, 24.243525)
📏 直線距離: 1.76 km

🔍 開始路徑搜尋 (方法: small_time_gap)...
  ⚠️ 陸地阻擋，使用 A* 繞行
  🌊 海洋網格點數: 461133
  ❌ A* 搜尋失敗，退回直線
✅ 路徑搜尋完成: 成功
📈 最終路徑點數: 5353
🔧 確保端點後: 5353 個點

✨ 實際插入: 5351 個點
============================================================

[ok] voyage 676 gap#0 (small_time_gap) -> 5351 pts

============================================================
🔧 [DEBUG] 開始處理 voyage 676, gap#1
============================================================
Gap 類型: small_time_gap, 時長: 1.00 小時
📍 起點: (120.492900, 24.243525)
📍 終點: (120.438150, 24.375999)
📏 直線距離: 15.74 km

🔍 開始路徑搜尋 (方法: small_time_gap)...
  ⚠️ 陸地阻擋，使用 A* 繞行

--- Logging started at 2025-10-09 16:47:31.871968 ---

============================================================
🔧 [DEBUG] 開始處理 voyage 676, gap#0
============================================================
Gap 類型: small_time_gap, 時長: 1.00 小時
📍 起點: (120.482490, 24.230904)
📍 終點: (120.492900, 24.243525)
📏 直線距離: 1.76 km

🔍 開始路徑搜尋 (方法: small_time_gap)...
  ⚠️ 陸地阻擋，使用 A* 繞行
  🌊 海洋網格點數: 461133
  ❌ A* 搜尋失敗，退回直線
✅ 路徑搜尋完成: 成功
📈 最終路徑點數: 5353
🔧 確保端點後: 5353 個點

✨ 實際插入: 5351 個點
============================================================

[ok] voyage 676 gap#0 (small_time_gap) -> 5351 pts

============================================================
🔧 [DEBUG] 開始處理 voyage 676, gap#1
============================================================
Gap 類型: small_time_gap, 時長: 1.00 小時
📍 起點: (120.492900, 24.243525)
📍 終點: (120.438150, 24.375999)
📏 直線距離: 15.74 km

🔍 開始路徑搜尋 (方法: small_time_gap)...
  ⚠️ 陸地阻擋，使用 A* 繞行

--- Logging started at 2025-10-09 16:55:31.875047 ---

============================================================
🔧 [DEBUG] 開始處理 voyage 676, gap#0
============================================================
Gap 類型: small_time_gap, 時長: 1.00 小時
📍 起點: (120.482490, 24.230904)
📍 終點: (120.492900, 24.243525)
📏 直線距離: 1.76 km

🔍 開始路徑搜尋 (方法: small_time_gap)...
  ⚠️ 陸地阻擋，使用 A* 繞行
載入與前處理資料中...
清理後資料筆數: 9658
執行停泊判斷...
偵測到停泊區段數量: 867
切分航程...
切分後航程數量: 866
Map saved to voyages_map.html
執行航程 QA 檢查...
QA 完成，有效航程數量: 0

============================================================
🔧 [DEBUG] 開始處理 voyage 676, gap#0
============================================================
Gap 類型: small_time_gap, 時長: 1.00 小時
📍 起點: (120.482490, 24.230904)
📍 終點: (120.492900, 24.243525)
📏 直線距離: 1.76 km

🔍 開始路徑搜尋 (方法: small_time_gap)...
  ⚠️ 陸地阻擋，使用 A* 繞行

--- Logging started at 2025-10-09 17:03:14.048859 ---

============================================================
🔧 [DEBUG] 開始處理 voyage 676, gap#0
============================================================
Gap 類型: small_time_gap, 時長: 1.00 小時
📍 起點: (120.482490, 24.230904)
📍 終點: (120.492900, 24.243525)
📏 直線距離: 1.76 km

🔍 開始路徑搜尋 (方法: small_time_gap)...
  ⚠️ 陸地阻擋，使用 A* 繞行

--- Logging started at 2025-10-09 17:08:06.935120 ---
載入與前處理資料中...
清理後資料筆數: 9658

--- Logging started at 2025-10-09 17:13:22.807215 ---
載入與前處理資料中...
清理後資料筆數: 9658

--- Logging started at 2025-10-09 17:22:50.583359 ---
載入與前處理資料中...
清理後資料筆數: 9658

--- Logging started at 2025-10-13 09:19:02.677643 ---
載入與前處理資料中...
清理後資料筆數: 9658

--- Logging started at 2025-10-13 09:32:04.981386 ---
載入與前處理資料中...
清理後資料筆數: 9658

--- Logging started at 2025-10-13 11:02:35.635227 ---
載入與前處理資料中...
清理後資料筆數: 9658
